=== 2026-08-09 23:22:50 weekly update start ===
002463.SZ 沪电股份 OK 387 rows
002916.SZ 深南电路 OK 387 rows
300308.SZ 中际旭创 OK 387 rows
300394.SZ 天孚通信 OK 387 rows
300502.SZ 新易盛 OK 387 rows
601138.SH 工业富联 OK 387 rows
603986.SH 兆易创新 OK 387 rows
688008.SH 澜起科技 OK 387 rows
000625.SZ 长安汽车 OK 387 rows
002594.SZ 比亚迪 OK 387 rows
600104.SH 上汽集团 OK 387 rows
601127.SH 赛力斯 OK 387 rows
601238.SH 广汽集团 OK 387 rows
601633.SH 长城汽车 OK 387 rows
000568.SZ 泸州老窖 OK 387 rows
000596.SZ 古井贡酒 OK 387 rows
000858.SZ 五粮液 OK 387 rows
002304.SZ 洋河股份 OK 387 rows
600519.SH 贵州茅台 OK 387 rows
600809.SH 山西汾酒 OK 387 rows
603369.SH 今世缘 OK 387 rows
600096.SH 云天化 OK 387 rows
600160.SH 巨化股份 OK 387 rows
600309.SH 万华化学 OK 387 rows
600426.SH 华鲁恒升 OK 387 rows
600486.SH 扬农化工 OK 387 rows
002648.SZ 卫星化学 OK 387 rows
002601.SZ 龙佰集团 OK 387 rows
002230.SZ 科大讯飞 OK 387 rows
300033.SZ 同花顺 OK 387 rows
300454.SZ 深信服 OK 387 rows
300496.SZ 中科创达 OK 387 rows
600536.SH 中国软件 OK 387 rows
600570.SH 恒生电子 OK 387 rows
600588.SH 用友网络 OK 387 rows
688111.SH 金山办公 OK 387 rows
600150.SH 中国船舶 OK 383 rows
600760.SH 中航沈飞 OK 387 rows
688297.SH 中无人机 OK 387 rows
002025.SZ 航天电器 OK 387 rows
002179.SZ 中航光电 OK 387 rows
300395.SZ 菲利华 OK 387 rows
000876.SZ 新希望 OK 387 rows
002714.SZ 牧原股份 OK 387 rows
300498.SZ 温氏股份 OK 387 rows
603477.SH 巨星农牧 OK 387 rows
605296.SH 神农集团 OK 387 rows
000963.SZ 华东医药 OK 387 rows
002422.SZ 科伦药业 OK 387 rows
600196.SH 复星医药 OK 387 rows
600276.SH 恒瑞医药 OK 387 rows
603259.SH 药明康德 OK 387 rows
688235.SH 百济神州 OK 387 rows
01801.HK 信达生物 OK 392 rows
000157.SZ 中联重科 OK 387 rows
000425.SZ 徐工机械 OK 387 rows
000528.SZ 柳工 OK 387 rows
300124.SZ 汇川技术 OK 387 rows
600031.SH 三一重工 OK 387 rows
601100.SH 恒立液压 OK 387 rows
603338.SH 浙江鼎力 OK 387 rows
688017.SH 绿的谐波 OK 387 rows
002027.SZ 分众传媒 OK 387 rows
002517.SZ 恺英网络 OK 387 rows
002555.SZ 三七互娱 OK 387 rows
002558.SZ 巨人网络 OK 387 rows
002602.SZ 世纪华通 OK 386 rows
300413.SZ 芒果超媒 OK 387 rows
300251.SZ 光线传媒 OK 387 rows
300014.SZ 亿纬锂能 OK 387 rows
300274.SZ 阳光电源 OK 387 rows
300750.SZ 宁德时代 OK 387 rows
600438.SH 通威股份 OK 377 rows
601012.SH 隆基绿能 OK 387 rows
603806.SH 福斯特 OK 387 rows
688303.SH 大全能源 OK 387 rows
688472.SH 阿特斯 OK 387 rows
300059.SZ 东方财富 OK 387 rows
600030.SH 中信证券 OK 387 rows
601211.SH 国泰海通 OK 385 rows
601318.SH 中国平安 OK 387 rows
601601.SH 中国太保 OK 387 rows
601628.SH 中国人寿 OK 387 rows
601688.SH 华泰证券 OK 387 rows
600111.SH 北方稀土 OK 387 rows
600489.SH 中金黄金 OK 387 rows
600547.SH 山东黄金 OK 387 rows
601600.SH 中国铝业 OK 387 rows
601899.SH 紫金矿业 OK 387 rows
603993.SH 洛阳钼业 OK 387 rows
600036.SH 招商银行 OK 387 rows
601398.SH 工商银行 OK 387 rows
601088.SH 中国神华 OK 377 rows
601225.SH 陕西煤业 OK 387 rows

=== GILDATA CHUNK DONE fails=0 ===
stocks: 94 | missing kline: []
counts: {'red': 0, 'orange': 3, 'green': 5, 'yellow': 41, 'blue': 23, 'gray': 22}
as_of: 2026-08-07 -> /Users/supermac/ashare-cycle-report/src/js/pool-data.js
/Users/supermac/ashare-cycle-report/src/dist-single.html 1151129 bytes
